#-----------------------------------------------------------
# Vivado v2024.1.1 (64-bit)
# SW Build 5094488 on Fri Jun 14 08:59:21 MDT 2024
# IP Build 5091682 on Fri Jun 14 16:55:04 MDT 2024
# SharedData Build 5094118 on Fri Jun 14 01:09:43 MDT 2024
# Start of session at: Mon Aug  5 10:15:53 2024
# Process ID: 9992
# Current directory: C:/Mac/Home/Documents/Vivado/zhou_2020_hwpq/zhou_2020_hwpq.runs/synth_1
# Command line: vivado.exe -log open_list_queue.vds -product Vivado -mode batch -messageDb vivado.pb -notrace -source open_list_queue.tcl
# Log file: C:/Mac/Home/Documents/Vivado/zhou_2020_hwpq/zhou_2020_hwpq.runs/synth_1/open_list_queue.vds
# Journal file: C:/Mac/Home/Documents/Vivado/zhou_2020_hwpq/zhou_2020_hwpq.runs/synth_1\vivado.jou
# Running On        :QIHANGWUFDE9
# Platform          :Windows Server 2016 or Windows 10
# Operating System  :22631
# Processor Detail  :Apple Silicon
# CPU Frequency     :3200 MHz
# CPU Physical cores:4
# CPU Logical cores :4
# Host memory       :8584 MB
# Swap memory       :2013 MB
# Total Virtual     :10597 MB
# Available Virtual :4204 MB
#-----------------------------------------------------------
source open_list_queue.tcl -notrace
