#-----------------------------------------------------------
# Vivado v2024.1 (64-bit)
# SW Build 5076996 on Wed May 22 18:36:09 MDT 2024
# IP Build 5075265 on Wed May 22 21:45:21 MDT 2024
# SharedData Build 5076995 on Wed May 22 18:29:18 MDT 2024
# Start of session at: Fri Aug 16 20:15:22 2024
# Process ID: 1464821
# Current directory: /home/charlie/Workspace/pq_research/vivado_dir/zhou_2020_hwpq/zhou_2020_hwpq.runs/impl_1
# Command line: vivado -log open_list_queue.vdi -applog -product Vivado -messageDb vivado.pb -mode batch -source open_list_queue.tcl -notrace
# Log file: /home/charlie/Workspace/pq_research/vivado_dir/zhou_2020_hwpq/zhou_2020_hwpq.runs/impl_1/open_list_queue.vdi
# Journal file: /home/charlie/Workspace/pq_research/vivado_dir/zhou_2020_hwpq/zhou_2020_hwpq.runs/impl_1/vivado.jou
# Running On        :archlinux
# Platform          :unknown
# Operating System  :unknown
# Processor Detail  :12th Gen Intel(R) Core(TM) i5-12400F
# CPU Frequency     :4170.086 MHz
# CPU Physical cores:6
# CPU Logical cores :12
# Host memory       :33484 MB
# Swap memory       :4294 MB
# Total Virtual     :37779 MB
# Available Virtual :19211 MB
#-----------------------------------------------------------
source open_list_queue.tcl -notrace
